// Jest Snapshot v1, https://goo.gl/fbAQLP

exports[`should render SignInAndSignUpPage component 1`] = `ShallowWrapper {}`;
