// Jest Snapshot v1, https://goo.gl/fbAQLP

exports[`should render CartItem component 1`] = `ShallowWrapper {}`;
